------------------------------------------------------------
Timing Analyzer Summary
------------------------------------------------------------

Type  : Slow 1200mV 85C Model Setup 'BB_SYSTEM_CLOCK_50'
Slack : 12.954
TNS   : 0.000

Type  : Slow 1200mV 85C Model Hold 'BB_SYSTEM_CLOCK_50'
Slack : 0.357
TNS   : 0.000

Type  : Slow 1200mV 85C Model Minimum Pulse Width 'BB_SYSTEM_CLOCK_50'
Slack : 9.593
TNS   : 0.000

Type  : Slow 1200mV 0C Model Setup 'BB_SYSTEM_CLOCK_50'
Slack : 13.653
TNS   : 0.000

Type  : Slow 1200mV 0C Model Hold 'BB_SYSTEM_CLOCK_50'
Slack : 0.311
TNS   : 0.000

Type  : Slow 1200mV 0C Model Minimum Pulse Width 'BB_SYSTEM_CLOCK_50'
Slack : 9.591
TNS   : 0.000

Type  : Fast 1200mV 0C Model Setup 'BB_SYSTEM_CLOCK_50'
Slack : 15.950
TNS   : 0.000

Type  : Fast 1200mV 0C Model Hold 'BB_SYSTEM_CLOCK_50'
Slack : 0.186
TNS   : 0.000

Type  : Fast 1200mV 0C Model Minimum Pulse Width 'BB_SYSTEM_CLOCK_50'
Slack : 9.271
TNS   : 0.000

------------------------------------------------------------
